------------------------------------------------------------
TimeQuest Timing Analyzer Summary
------------------------------------------------------------

Type  : Slow 1200mV 85C Model Setup 'u0|altpll_0|sd1|pll7|clk[2]'
Slack : -55.233
TNS   : -5858.670

Type  : Slow 1200mV 85C Model Setup 'clk_dram_ext'
Slack : 3.922
TNS   : 0.000

Type  : Slow 1200mV 85C Model Setup 'MAX10_CLK1_50'
Slack : 7.548
TNS   : 0.000

Type  : Slow 1200mV 85C Model Setup 'MAX10_CLK2_50'
Slack : 8.867
TNS   : 0.000

Type  : Slow 1200mV 85C Model Setup 'MIPI_PIXEL_CLK'
Slack : 12.980
TNS   : 0.000

Type  : Slow 1200mV 85C Model Setup 'u0|altpll_0|sd1|pll7|clk[3]'
Slack : 31.040
TNS   : 0.000

Type  : Slow 1200mV 85C Model Setup 'altera_reserved_tck'
Slack : 45.168
TNS   : 0.000

Type  : Slow 1200mV 85C Model Hold 'MAX10_CLK1_50'
Slack : 0.245
TNS   : 0.000

Type  : Slow 1200mV 85C Model Hold 'u0|altpll_0|sd1|pll7|clk[2]'
Slack : 0.339
TNS   : 0.000

Type  : Slow 1200mV 85C Model Hold 'u0|altpll_0|sd1|pll7|clk[3]'
Slack : 0.339
TNS   : 0.000

Type  : Slow 1200mV 85C Model Hold 'MAX10_CLK2_50'
Slack : 0.347
TNS   : 0.000

Type  : Slow 1200mV 85C Model Hold 'altera_reserved_tck'
Slack : 0.347
TNS   : 0.000

Type  : Slow 1200mV 85C Model Hold 'MIPI_PIXEL_CLK'
Slack : 0.378
TNS   : 0.000

Type  : Slow 1200mV 85C Model Hold 'clk_dram_ext'
Slack : 2.177
TNS   : 0.000

Type  : Slow 1200mV 85C Model Recovery 'MAX10_CLK1_50'
Slack : 3.904
TNS   : 0.000

Type  : Slow 1200mV 85C Model Recovery 'u0|altpll_0|sd1|pll7|clk[2]'
Slack : 5.539
TNS   : 0.000

Type  : Slow 1200mV 85C Model Recovery 'u0|altpll_0|sd1|pll7|clk[3]'
Slack : 6.718
TNS   : 0.000

Type  : Slow 1200mV 85C Model Recovery 'MIPI_PIXEL_CLK'
Slack : 36.930
TNS   : 0.000

Type  : Slow 1200mV 85C Model Recovery 'altera_reserved_tck'
Slack : 47.772
TNS   : 0.000

Type  : Slow 1200mV 85C Model Removal 'altera_reserved_tck'
Slack : 0.913
TNS   : 0.000

Type  : Slow 1200mV 85C Model Removal 'MAX10_CLK1_50'
Slack : 0.940
TNS   : 0.000

Type  : Slow 1200mV 85C Model Removal 'u0|altpll_0|sd1|pll7|clk[3]'
Slack : 0.964
TNS   : 0.000

Type  : Slow 1200mV 85C Model Removal 'MIPI_PIXEL_CLK'
Slack : 1.732
TNS   : 0.000

Type  : Slow 1200mV 85C Model Removal 'u0|altpll_0|sd1|pll7|clk[2]'
Slack : 2.329
TNS   : 0.000

Type  : Slow 1200mV 85C Model Minimum Pulse Width 'u0|altpll_0|sd1|pll7|clk[2]'
Slack : 4.615
TNS   : 0.000

Type  : Slow 1200mV 85C Model Minimum Pulse Width 'u0|altpll_0|sd1|pll7|clk[1]'
Slack : 4.853
TNS   : 0.000

Type  : Slow 1200mV 85C Model Minimum Pulse Width 'clk_dram_ext'
Slack : 5.790
TNS   : 0.000

Type  : Slow 1200mV 85C Model Minimum Pulse Width 'MAX10_CLK1_50'
Slack : 9.433
TNS   : 0.000

Type  : Slow 1200mV 85C Model Minimum Pulse Width 'MAX10_CLK2_50'
Slack : 9.656
TNS   : 0.000

Type  : Slow 1200mV 85C Model Minimum Pulse Width 'MIPI_PIXEL_CLK'
Slack : 19.527
TNS   : 0.000

Type  : Slow 1200mV 85C Model Minimum Pulse Width 'u0|altpll_0|sd1|pll7|clk[3]'
Slack : 19.708
TNS   : 0.000

Type  : Slow 1200mV 85C Model Minimum Pulse Width 'altera_reserved_tck'
Slack : 49.615
TNS   : 0.000

Type  : Slow 1200mV 85C Model Minimum Pulse Width 'ADC_CLK_10'
Slack : 96.000
TNS   : 0.000

Type  : Slow 1200mV 0C Model Setup 'u0|altpll_0|sd1|pll7|clk[2]'
Slack : -49.521
TNS   : -3092.859

Type  : Slow 1200mV 0C Model Setup 'clk_dram_ext'
Slack : 4.040
TNS   : 0.000

Type  : Slow 1200mV 0C Model Setup 'MAX10_CLK1_50'
Slack : 8.341
TNS   : 0.000

Type  : Slow 1200mV 0C Model Setup 'MAX10_CLK2_50'
Slack : 9.375
TNS   : 0.000

Type  : Slow 1200mV 0C Model Setup 'MIPI_PIXEL_CLK'
Slack : 13.112
TNS   : 0.000

Type  : Slow 1200mV 0C Model Setup 'u0|altpll_0|sd1|pll7|clk[3]'
Slack : 31.702
TNS   : 0.000

Type  : Slow 1200mV 0C Model Setup 'altera_reserved_tck'
Slack : 45.539
TNS   : 0.000

Type  : Slow 1200mV 0C Model Hold 'MAX10_CLK1_50'
Slack : 0.252
TNS   : 0.000

Type  : Slow 1200mV 0C Model Hold 'u0|altpll_0|sd1|pll7|clk[2]'
Slack : 0.304
TNS   : 0.000

Type  : Slow 1200mV 0C Model Hold 'u0|altpll_0|sd1|pll7|clk[3]'
Slack : 0.304
TNS   : 0.000

Type  : Slow 1200mV 0C Model Hold 'altera_reserved_tck'
Slack : 0.311
TNS   : 0.000

Type  : Slow 1200mV 0C Model Hold 'MAX10_CLK2_50'
Slack : 0.312
TNS   : 0.000

Type  : Slow 1200mV 0C Model Hold 'MIPI_PIXEL_CLK'
Slack : 0.338
TNS   : 0.000

Type  : Slow 1200mV 0C Model Hold 'clk_dram_ext'
Slack : 2.124
TNS   : 0.000

Type  : Slow 1200mV 0C Model Recovery 'MAX10_CLK1_50'
Slack : 4.044
TNS   : 0.000

Type  : Slow 1200mV 0C Model Recovery 'u0|altpll_0|sd1|pll7|clk[2]'
Slack : 5.944
TNS   : 0.000

Type  : Slow 1200mV 0C Model Recovery 'u0|altpll_0|sd1|pll7|clk[3]'
Slack : 6.996
TNS   : 0.000

Type  : Slow 1200mV 0C Model Recovery 'MIPI_PIXEL_CLK'
Slack : 37.146
TNS   : 0.000

Type  : Slow 1200mV 0C Model Recovery 'altera_reserved_tck'
Slack : 47.961
TNS   : 0.000

Type  : Slow 1200mV 0C Model Removal 'altera_reserved_tck'
Slack : 0.837
TNS   : 0.000

Type  : Slow 1200mV 0C Model Removal 'MAX10_CLK1_50'
Slack : 0.865
TNS   : 0.000

Type  : Slow 1200mV 0C Model Removal 'u0|altpll_0|sd1|pll7|clk[3]'
Slack : 0.889
TNS   : 0.000

Type  : Slow 1200mV 0C Model Removal 'MIPI_PIXEL_CLK'
Slack : 1.566
TNS   : 0.000

Type  : Slow 1200mV 0C Model Removal 'u0|altpll_0|sd1|pll7|clk[2]'
Slack : 2.104
TNS   : 0.000

Type  : Slow 1200mV 0C Model Minimum Pulse Width 'u0|altpll_0|sd1|pll7|clk[2]'
Slack : 4.631
TNS   : 0.000

Type  : Slow 1200mV 0C Model Minimum Pulse Width 'u0|altpll_0|sd1|pll7|clk[1]'
Slack : 4.876
TNS   : 0.000

Type  : Slow 1200mV 0C Model Minimum Pulse Width 'clk_dram_ext'
Slack : 5.790
TNS   : 0.000

Type  : Slow 1200mV 0C Model Minimum Pulse Width 'MAX10_CLK1_50'
Slack : 9.444
TNS   : 0.000

Type  : Slow 1200mV 0C Model Minimum Pulse Width 'MAX10_CLK2_50'
Slack : 9.668
TNS   : 0.000

Type  : Slow 1200mV 0C Model Minimum Pulse Width 'MIPI_PIXEL_CLK'
Slack : 19.619
TNS   : 0.000

Type  : Slow 1200mV 0C Model Minimum Pulse Width 'u0|altpll_0|sd1|pll7|clk[3]'
Slack : 19.698
TNS   : 0.000

Type  : Slow 1200mV 0C Model Minimum Pulse Width 'altera_reserved_tck'
Slack : 49.639
TNS   : 0.000

Type  : Slow 1200mV 0C Model Minimum Pulse Width 'ADC_CLK_10'
Slack : 96.000
TNS   : 0.000

Type  : Fast 1200mV 0C Model Setup 'u0|altpll_0|sd1|pll7|clk[2]'
Slack : -16.482
TNS   : -97.635

Type  : Fast 1200mV 0C Model Setup 'clk_dram_ext'
Slack : 4.001
TNS   : 0.000

Type  : Fast 1200mV 0C Model Setup 'MAX10_CLK2_50'
Slack : 11.304
TNS   : 0.000

Type  : Fast 1200mV 0C Model Setup 'MIPI_PIXEL_CLK'
Slack : 13.587
TNS   : 0.000

Type  : Fast 1200mV 0C Model Setup 'MAX10_CLK1_50'
Slack : 14.440
TNS   : 0.000

Type  : Fast 1200mV 0C Model Setup 'u0|altpll_0|sd1|pll7|clk[3]'
Slack : 36.192
TNS   : 0.000

Type  : Fast 1200mV 0C Model Setup 'altera_reserved_tck'
Slack : 48.122
TNS   : 0.000

Type  : Fast 1200mV 0C Model Hold 'MAX10_CLK1_50'
Slack : 0.096
TNS   : 0.000

Type  : Fast 1200mV 0C Model Hold 'u0|altpll_0|sd1|pll7|clk[2]'
Slack : 0.147
TNS   : 0.000

Type  : Fast 1200mV 0C Model Hold 'u0|altpll_0|sd1|pll7|clk[3]'
Slack : 0.147
TNS   : 0.000

Type  : Fast 1200mV 0C Model Hold 'altera_reserved_tck'
Slack : 0.151
TNS   : 0.000

Type  : Fast 1200mV 0C Model Hold 'MAX10_CLK2_50'
Slack : 0.152
TNS   : 0.000

Type  : Fast 1200mV 0C Model Hold 'MIPI_PIXEL_CLK'
Slack : 0.162
TNS   : 0.000

Type  : Fast 1200mV 0C Model Hold 'clk_dram_ext'
Slack : 1.838
TNS   : 0.000

Type  : Fast 1200mV 0C Model Recovery 'MAX10_CLK1_50'
Slack : 6.555
TNS   : 0.000

Type  : Fast 1200mV 0C Model Recovery 'u0|altpll_0|sd1|pll7|clk[2]'
Slack : 7.885
TNS   : 0.000

Type  : Fast 1200mV 0C Model Recovery 'u0|altpll_0|sd1|pll7|clk[3]'
Slack : 8.323
TNS   : 0.000

Type  : Fast 1200mV 0C Model Recovery 'MIPI_PIXEL_CLK'
Slack : 38.619
TNS   : 0.000

Type  : Fast 1200mV 0C Model Recovery 'altera_reserved_tck'
Slack : 49.213
TNS   : 0.000

Type  : Fast 1200mV 0C Model Removal 'altera_reserved_tck'
Slack : 0.409
TNS   : 0.000

Type  : Fast 1200mV 0C Model Removal 'MAX10_CLK1_50'
Slack : 0.412
TNS   : 0.000

Type  : Fast 1200mV 0C Model Removal 'u0|altpll_0|sd1|pll7|clk[3]'
Slack : 0.419
TNS   : 0.000

Type  : Fast 1200mV 0C Model Removal 'MIPI_PIXEL_CLK'
Slack : 0.809
TNS   : 0.000

Type  : Fast 1200mV 0C Model Removal 'u0|altpll_0|sd1|pll7|clk[2]'
Slack : 1.082
TNS   : 0.000

Type  : Fast 1200mV 0C Model Minimum Pulse Width 'clk_dram_ext'
Slack : 2.000
TNS   : 0.000

Type  : Fast 1200mV 0C Model Minimum Pulse Width 'u0|altpll_0|sd1|pll7|clk[1]'
Slack : 2.000
TNS   : 0.000

Type  : Fast 1200mV 0C Model Minimum Pulse Width 'u0|altpll_0|sd1|pll7|clk[2]'
Slack : 4.602
TNS   : 0.000

Type  : Fast 1200mV 0C Model Minimum Pulse Width 'MAX10_CLK1_50'
Slack : 9.177
TNS   : 0.000

Type  : Fast 1200mV 0C Model Minimum Pulse Width 'MAX10_CLK2_50'
Slack : 9.329
TNS   : 0.000

Type  : Fast 1200mV 0C Model Minimum Pulse Width 'MIPI_PIXEL_CLK'
Slack : 19.133
TNS   : 0.000

Type  : Fast 1200mV 0C Model Minimum Pulse Width 'u0|altpll_0|sd1|pll7|clk[3]'
Slack : 19.728
TNS   : 0.000

Type  : Fast 1200mV 0C Model Minimum Pulse Width 'altera_reserved_tck'
Slack : 49.421
TNS   : 0.000

Type  : Fast 1200mV 0C Model Minimum Pulse Width 'ADC_CLK_10'
Slack : 96.000
TNS   : 0.000

------------------------------------------------------------
